---
source: tests/formatting_snapshot_tests.rs
expression: output
input_file: tests/format_fixtures/suppression_mixed.cmake
---
cmake_minimum_required(VERSION 3.14)
project(TestProject)

# Normal section
set(A value)

# cmake-fmt: off
set(  UGLY1   a   b  )
set(  UGLY2   c   d  )

# cmake-fmt: on
# cmake-fmt: skip
target_link_libraries(  mylib    PUBLIC   foo   bar  )

set(CLEAN value)

# cmake-fmt: off
message(  "end of file suppressed"  )
