---
source: tests/parser_tests.rs
expression: cst.root
---
FILE@0..201
  COMMAND_INVOCATION@0..36
    COMMAND_NAME@0..22 "cmake_minimum_required"
    LPAREN@22..23 "("
    ARGUMENT_LIST@23..35
      UNQUOTED_ARGUMENT@23..30 "VERSION"
      WHITESPACE@30..31 " "
      UNQUOTED_ARGUMENT@31..35 "3.20"
    RPAREN@35..36 ")"
  NEWLINE@36..37 "\n"
  COMMAND_INVOCATION@37..69
    COMMAND_NAME@37..44 "project"
    LPAREN@44..45 "("
    ARGUMENT_LIST@45..68
      UNQUOTED_ARGUMENT@45..54 "MyProject"
      WHITESPACE@54..55 " "
      UNQUOTED_ARGUMENT@55..64 "LANGUAGES"
      WHITESPACE@64..65 " "
      UNQUOTED_ARGUMENT@65..68 "CXX"
    RPAREN@68..69 ")"
  NEWLINE@69..70 "\n"
  NEWLINE@70..71 "\n"
  COMMAND_INVOCATION@71..120
    COMMAND_NAME@71..74 "set"
    LPAREN@74..75 "("
    ARGUMENT_LIST@75..119
      UNQUOTED_ARGUMENT@75..82 "SOURCES"
      NEWLINE@82..83 "\n"
      WHITESPACE@83..85 "  "
      UNQUOTED_ARGUMENT@85..93 "main.cpp"
      NEWLINE@93..94 "\n"
      WHITESPACE@94..96 "  "
      UNQUOTED_ARGUMENT@96..105 "utils.cpp"
      NEWLINE@105..106 "\n"
      WHITESPACE@106..108 "  "
      UNQUOTED_ARGUMENT@108..118 "helper.cpp"
      NEWLINE@118..119 "\n"
    RPAREN@119..120 ")"
  NEWLINE@120..121 "\n"
  NEWLINE@121..122 "\n"
  COMMAND_INVOCATION@122..154
    COMMAND_NAME@122..136 "add_executable"
    LPAREN@136..137 "("
    ARGUMENT_LIST@137..153
      UNQUOTED_ARGUMENT@137..142 "myapp"
      WHITESPACE@142..143 " "
      VARIABLE_REF@143..153 "${SOURCES}"
    RPAREN@153..154 ")"
  NEWLINE@154..155 "\n"
  COMMAND_INVOCATION@155..200
    COMMAND_NAME@155..176 "target_link_libraries"
    LPAREN@176..177 "("
    ARGUMENT_LIST@177..199
      UNQUOTED_ARGUMENT@177..182 "myapp"
      WHITESPACE@182..183 " "
      UNQUOTED_ARGUMENT@183..190 "PRIVATE"
      WHITESPACE@190..191 " "
      UNQUOTED_ARGUMENT@191..199 "fmt::fmt"
    RPAREN@199..200 ")"
  NEWLINE@200..201 "\n"
